LINE 3 HAS ERROR: COLOR parameter 1 needs to be one of (pen, fill), you wrote color
