ERROR LINE (3): LINE parameter 3 needs to be one of (location, polar), you wrote line
