LINE 4 HAS ERROR: LOOP has 1 parameters, you wrote 2
LINE 7 HAS ERROR: REPEAT and no LOOP
