ERROR LINE (6): REPEAT has 0 parameters, you wrote 1
ERROR LINE (3): LOOP with no REPEAT
