ERROR LINE (6): ELLIPSE has 4 parameters, you wrote 3
ERROR LINE (6): ELLIPSE has 4 parameters, you wrote 3
