ERROR LINE (8): POSITION has 2 parameters, you wrote 3
