LINE 12 HAS ERROR: ELLIPSE has 4 parameters, you wrote 2
LINE 13 HAS ERROR: Undefined variable radius
